// Jest Snapshot v1, https://goo.gl/fbAQLP

exports[`containers/AppRouter renders correctly - loading page 1`] = `
<div
  locale="[object Object]"
>
  Loading...
</div>
`;

exports[`containers/AppRouter renders correctly - page found 1`] = `
<div
  locale="[object Object]"
>
  Loading...
</div>
`;

exports[`containers/AppRouter renders correctly - page not found 1`] = `<!--v-if-->`;
